<?xml version="1.0" encoding="utf-8"?><testsuites name="pytest tests"><testsuite name="pytest" errors="0" failures="0" skipped="0" tests="6" time="6.241" timestamp="2026-04-09T13:30:17.851890+02:00" hostname="LaptopToni"><testcase classname="test_main" name="test_get_ingredients" time="0.004" /><testcase classname="test_main" name="test_get_ingredients_file_does_not_exists" time="0.002" /><testcase classname="test_main" name="test_get_ingredients_file_empty" time="0.002" /><testcase classname="test_main" name="test_make_smoothie_prints_added_ingredients_version_1" time="3.077" /><testcase classname="test_main" name="test_make_smoothie_prints_added_ingredients_version_2" time="3.050" /><testcase classname="test_main" name="test_make_smoothie_prints_a_joke" time="0.006" /></testsuite></testsuites>